------------------------------------------------------------
TimeQuest Timing Analyzer Summary
------------------------------------------------------------

Type  : Slow Model Setup 'inst2|altpll_component|pll|clk[0]~1'
Slack : -4.647
TNS   : -3598.735

Type  : Slow Model Setup 'inst2|altpll_component|pll|clk[0]'
Slack : -4.640
TNS   : -3592.257

Type  : Slow Model Setup 'inst2|altpll_component|pll|clk[1]'
Slack : -1.442
TNS   : -6.591

Type  : Slow Model Setup 'inst2|altpll_component|pll|clk[1]~1'
Slack : -1.442
TNS   : -6.591

Type  : Slow Model Hold 'inst2|altpll_component|pll|clk[0]'
Slack : 0.499
TNS   : 0.000

Type  : Slow Model Hold 'inst2|altpll_component|pll|clk[0]~1'
Slack : 0.499
TNS   : 0.000

Type  : Slow Model Hold 'inst2|altpll_component|pll|clk[1]'
Slack : 0.752
TNS   : 0.000

Type  : Slow Model Hold 'inst2|altpll_component|pll|clk[1]~1'
Slack : 0.752
TNS   : 0.000

Type  : Slow Model Minimum Pulse Width 'MCLK'
Slack : 5.000
TNS   : 0.000

Type  : Slow Model Minimum Pulse Width 'MCLKPAL'
Slack : 5.000
TNS   : 0.000

Type  : Slow Model Minimum Pulse Width 'inst2|altpll_component|pll|clk[0]~1'
Slack : 6.331
TNS   : 0.000

Type  : Slow Model Minimum Pulse Width 'inst2|altpll_component|pll|clk[0]'
Slack : 8.573
TNS   : 0.000

Type  : Slow Model Minimum Pulse Width 'inst2|altpll_component|pll|clk[1]~1'
Slack : 17.554
TNS   : 0.000

Type  : Slow Model Minimum Pulse Width 'inst2|altpll_component|pll|clk[1]'
Slack : 22.038
TNS   : 0.000

Type  : Fast Model Setup 'inst2|altpll_component|pll|clk[0]~1'
Slack : -1.576
TNS   : -1246.243

Type  : Fast Model Setup 'inst2|altpll_component|pll|clk[0]'
Slack : -1.569
TNS   : -1239.765

Type  : Fast Model Setup 'inst2|altpll_component|pll|clk[1]'
Slack : -0.505
TNS   : -2.354

Type  : Fast Model Setup 'inst2|altpll_component|pll|clk[1]~1'
Slack : -0.505
TNS   : -2.354

Type  : Fast Model Hold 'inst2|altpll_component|pll|clk[0]'
Slack : 0.215
TNS   : 0.000

Type  : Fast Model Hold 'inst2|altpll_component|pll|clk[0]~1'
Slack : 0.215
TNS   : 0.000

Type  : Fast Model Hold 'inst2|altpll_component|pll|clk[1]'
Slack : 0.245
TNS   : 0.000

Type  : Fast Model Hold 'inst2|altpll_component|pll|clk[1]~1'
Slack : 0.245
TNS   : 0.000

Type  : Fast Model Minimum Pulse Width 'MCLK'
Slack : 5.000
TNS   : 0.000

Type  : Fast Model Minimum Pulse Width 'MCLKPAL'
Slack : 5.000
TNS   : 0.000

Type  : Fast Model Minimum Pulse Width 'inst2|altpll_component|pll|clk[0]~1'
Slack : 7.271
TNS   : 0.000

Type  : Fast Model Minimum Pulse Width 'inst2|altpll_component|pll|clk[0]'
Slack : 9.513
TNS   : 0.000

Type  : Fast Model Minimum Pulse Width 'inst2|altpll_component|pll|clk[1]~1'
Slack : 17.796
TNS   : 0.000

Type  : Fast Model Minimum Pulse Width 'inst2|altpll_component|pll|clk[1]'
Slack : 22.280
TNS   : 0.000

------------------------------------------------------------
