------------------------------------------------------------
TimeQuest Timing Analyzer Summary
------------------------------------------------------------

Type  : Slow Model Setup 'inst2|altpll_component|pll|clk[0]~1'
Slack : -4.609
TNS   : -3593.922

Type  : Slow Model Setup 'inst2|altpll_component|pll|clk[0]'
Slack : -4.606
TNS   : -3591.056

Type  : Slow Model Setup 'inst2|altpll_component|pll|clk[1]'
Slack : -1.235
TNS   : -7.193

Type  : Slow Model Setup 'inst2|altpll_component|pll|clk[1]~1'
Slack : -1.235
TNS   : -7.193

Type  : Slow Model Hold 'inst2|altpll_component|pll|clk[0]'
Slack : 0.499
TNS   : 0.000

Type  : Slow Model Hold 'inst2|altpll_component|pll|clk[0]~1'
Slack : 0.499
TNS   : 0.000

Type  : Slow Model Hold 'inst2|altpll_component|pll|clk[1]'
Slack : 0.787
TNS   : 0.000

Type  : Slow Model Hold 'inst2|altpll_component|pll|clk[1]~1'
Slack : 0.787
TNS   : 0.000

Type  : Slow Model Minimum Pulse Width 'MCLK'
Slack : 5.000
TNS   : 0.000

Type  : Slow Model Minimum Pulse Width 'MCLKPAL'
Slack : 5.000
TNS   : 0.000

Type  : Slow Model Minimum Pulse Width 'inst2|altpll_component|pll|clk[0]~1'
Slack : 6.331
TNS   : 0.000

Type  : Slow Model Minimum Pulse Width 'inst2|altpll_component|pll|clk[0]'
Slack : 8.573
TNS   : 0.000

Type  : Slow Model Minimum Pulse Width 'inst2|altpll_component|pll|clk[1]~1'
Slack : 17.554
TNS   : 0.000

Type  : Slow Model Minimum Pulse Width 'inst2|altpll_component|pll|clk[1]'
Slack : 22.038
TNS   : 0.000

Type  : Fast Model Setup 'inst2|altpll_component|pll|clk[0]~1'
Slack : -1.626
TNS   : -1255.126

Type  : Fast Model Setup 'inst2|altpll_component|pll|clk[0]'
Slack : -1.623
TNS   : -1252.260

Type  : Fast Model Setup 'inst2|altpll_component|pll|clk[1]'
Slack : -0.469
TNS   : -2.702

Type  : Fast Model Setup 'inst2|altpll_component|pll|clk[1]~1'
Slack : -0.469
TNS   : -2.702

Type  : Fast Model Hold 'inst2|altpll_component|pll|clk[0]'
Slack : 0.215
TNS   : 0.000

Type  : Fast Model Hold 'inst2|altpll_component|pll|clk[0]~1'
Slack : 0.215
TNS   : 0.000

Type  : Fast Model Hold 'inst2|altpll_component|pll|clk[1]'
Slack : 0.262
TNS   : 0.000

Type  : Fast Model Hold 'inst2|altpll_component|pll|clk[1]~1'
Slack : 0.262
TNS   : 0.000

Type  : Fast Model Minimum Pulse Width 'MCLK'
Slack : 5.000
TNS   : 0.000

Type  : Fast Model Minimum Pulse Width 'MCLKPAL'
Slack : 5.000
TNS   : 0.000

Type  : Fast Model Minimum Pulse Width 'inst2|altpll_component|pll|clk[0]~1'
Slack : 7.271
TNS   : 0.000

Type  : Fast Model Minimum Pulse Width 'inst2|altpll_component|pll|clk[0]'
Slack : 9.513
TNS   : 0.000

Type  : Fast Model Minimum Pulse Width 'inst2|altpll_component|pll|clk[1]~1'
Slack : 17.796
TNS   : 0.000

Type  : Fast Model Minimum Pulse Width 'inst2|altpll_component|pll|clk[1]'
Slack : 22.280
TNS   : 0.000

------------------------------------------------------------
